******************************************************************************
             TMS320C2000 Linker PC v22.6.1                     
******************************************************************************
>> Linked Thu Feb  6 16:52:07 2025

OUTPUT FILE NAME:   <lab_lp_f2837xd.out>
ENTRY POINT SYMBOL: "code_start"  address: 00000000


MEMORY CONFIGURATION

         name            origin    length      used     unused   attr    fill
----------------------  --------  ---------  --------  --------  ----  --------
PAGE 0:
  BEGIN                 00000000   00000002  00000002  00000000  RWIX
  RAMM0                 00000123   000002dd  00000020  000002bd  RWIX
  RAMLS0                00008000   00000800  00000000  00000800  RWIX
  RAMLS1                00008800   00000800  00000000  00000800  RWIX
  RAMLS2                00009000   00000800  00000000  00000800  RWIX
  RAMLS3                00009800   00000800  00000000  00000800  RWIX
  RAMLS4                0000a000   00000800  00000000  00000800  RWIX
  RAMD0                 0000b000   00000800  00000000  00000800  RWIX
  FLASHA                00080002   00001ffe  00000000  00001ffe  RWIX
  FLASHB                00082000   00002000  00000000  00002000  RWIX
  FLASHC                00084000   00002000  00000000  00002000  RWIX
  FLASHD                00086000   00002000  00000000  00002000  RWIX
  FLASHE                00088000   00008000  00000000  00008000  RWIX
  FLASHF                00090000   00008000  00000000  00008000  RWIX
  FLASHG                00098000   00008000  00000000  00008000  RWIX
  FLASHH                000a0000   00008000  00000000  00008000  RWIX
  FLASHI                000a8000   00008000  00000000  00008000  RWIX
  FLASHJ                000b0000   00008000  00000000  00008000  RWIX
  FLASHK                000b8000   00002000  00000000  00002000  RWIX
  FLASHL                000ba000   00002000  00000000  00002000  RWIX
  FLASHM                000bc000   00002000  00000000  00002000  RWIX
  FLASHN                000be000   00001ff0  00000000  00001ff0  RWIX
  RESET                 003fffc0   00000002  00000000  00000002  RWIX

PAGE 1:
  BOOT_RSVD             00000002   00000121  00000000  00000121  RWIX
  RAMM1                 00000400   000003f8  00000200  000001f8  RWIX
  RAMLS5                0000a800   00000800  00000312  000004ee  RWIX
  RAMD1                 0000b800   00000800  00000000  00000800  RWIX
  RAMGS0                0000c000   00001000  00000000  00001000  RWIX
  RAMGS1                0000d000   00001000  00000000  00001000  RWIX
  RAMGS2                0000e000   00001000  00000000  00001000  RWIX
  RAMGS3                0000f000   00001000  00001000  00000000  RWIX
  RAMGS4                00010000   00001000  00000218  00000de8  RWIX
  RAMGS5                00011000   00001000  00000000  00001000  RWIX
  RAMGS6                00012000   00001000  00000000  00001000  RWIX
  RAMGS7                00013000   00001000  00000000  00001000  RWIX
  RAMGS8                00014000   00001000  00000000  00001000  RWIX
  RAMGS9                00015000   00001000  00000000  00001000  RWIX
  RAMGS10               00016000   00001000  00000000  00001000  RWIX
  RAMGS11               00017000   00001000  00000000  00001000  RWIX
  RAMGS12               00018000   00001000  00000000  00001000  RWIX
  RAMGS13               00019000   00001000  00000000  00001000  RWIX
  RAMGS14               0001a000   00001000  00000000  00001000  RWIX
  RAMGS15               0001b000   00000ff8  00000000  00000ff8  RWIX
  CPU2TOCPU1RAM         0003f800   00000400  00000000  00000400  RWIX
  CPU1TOCPU2RAM         0003fc00   00000400  00000000  00000400  RWIX
  CANA_MSG_RAM          00049000   00000800  00000000  00000800  RWIX
  CANB_MSG_RAM          0004b000   00000800  00000000  00000800  RWIX


SECTION ALLOCATION MAP

 output                                  attributes/
section   page    origin      length       input sections
--------  ----  ----------  ----------   ----------------
codestart 
*          0    00000000    00000002     
                  00000000    00000002     F2837xD_CodeStartBranch.obj (codestart)

.cinit     0    00000128    0000001c     
                  00000128    0000000a     (.cinit..data.load) [load image, compression = lzss]
                  00000132    00000006     (__TI_handler_table)
                  00000138    00000004     (.cinit..bss.load) [load image, compression = zero_init]
                  0000013c    00000008     (__TI_cinit_table)

.reset     0    003fffc0    00000000     DSECT

.stack     1    00000400    00000200     UNINITIALIZED
                  00000400    00000200     --HOLE--

.bss       1    0000ab10    00000003     UNINITIALIZED
                  0000ab10    00000003     lab_main.obj (.bss)

.init_array 
*          0    00000123    00000000     UNINITIALIZED

.const     1    0000a800    000002ff     
                  0000a800    000000c2     driverlib_eabi.lib : sysctl.obj (.const:.string)
                  0000a8c2    000000bc                        : gpio.obj (.const:.string)
                  0000a97e    00000088     board.obj (.const:.string)
                  0000aa06    00000088     lab_main.obj (.const:.string)
                  0000aa8e    0000005d     driverlib_eabi.lib : adc.obj (.const:.string)
                  0000aaeb    00000001     --HOLE-- [fill = 0]
                  0000aaec    00000013     device.obj (.const:.string)

.data      1    0000ab00    00000010     UNINITIALIZED
                  0000ab00    00000006     device.obj (.data)
                  0000ab06    00000006     rts2800_fpu32_eabi.lib : exit.c.obj (.data)
                  0000ab0c    00000002                            : _lock.c.obj (.data:_lock)
                  0000ab0e    00000002                            : _lock.c.obj (.data:_unlock)

.TI.ramfunc 
*          0    00000123    00000004     
                  00000123    00000004     driverlib_eabi.lib : sysctl.obj (.TI.ramfunc)

GETBUFFER 
*          0    0003f800    00000000     DSECT

GETWRITEIDX 
*          0    0003f800    00000000     DSECT

PUTREADIDX 
*          0    0003f800    00000000     DSECT

.text.1    1    0000f000    00001000     
                  0000f000    00000209     driverlib_eabi.lib : sysctl.obj (.text:SysCtl_setClock)
                  0000f209    000000eb     device.obj (.text:Device_enableAllPeripherals)
                  0000f2f4    000000a9     board.obj (.text:EPWM_init)
                  0000f39d    00000094     board.obj (.text:myADC0_init)
                  0000f431    00000090     driverlib_eabi.lib : sysctl.obj (.text:SysCtl_selectXTAL)
                  0000f4c1    00000088     rts2800_fpu32_eabi.lib : fs_div28.asm.obj (.text)
                  0000f549    00000079     lab_main.obj (.text:adcA1ISR)
                  0000f5c2    00000075     lab_main.obj (.text:EPWM_setADCTriggerSource)
                  0000f637    0000006f     driverlib_eabi.lib : adc.obj (.text:ADC_setINLTrim)
                  0000f6a6    00000068                        : sysctl.obj (.text:SysCtl_getDeviceParametric)
                  0000f70e    00000060                        : adc.obj (.text:ADC_setOffsetTrim)
                  0000f76e    00000052                        : gpio.obj (.text:GPIO_setPadConfig)
                  0000f7c0    00000051                        : sysctl.obj (.text:SysCtl_getClock)
                  0000f811    00000048                        : sysctl.obj (.text:SysCtl_selectOscSource)
                  0000f859    00000046     board.obj (.text:ADC_setupSOC)
                  0000f89f    00000040     device.obj (.text:Device_init)
                  0000f8df    00000040     board.obj (.text:EPWM_setActionQualifierAction)
                  0000f91f    0000003e     board.obj (.text:EPWM_setCounterCompareShadowLoadMode)
                  0000f95d    0000003d     driverlib_eabi.lib : interrupt.obj (.text:Interrupt_initModule)
                  0000f99a    0000003b     board.obj (.text:EPWM_isBaseValid)
                  0000f9d5    0000003b     lab_main.obj (.text:EPWM_isBaseValid)
                  0000fa10    0000003a     lab_main.obj (.text:EPWM_setADCTriggerEventPrescale)
                  0000fa4a    00000037     driverlib_eabi.lib : gpio.obj (.text:GPIO_setPinConfig)
                  0000fa81    00000037                        : gpio.obj (.text:GPIO_setQualificationMode)
                  0000fab8    00000031     device.obj (.text:Device_configureTMXAnalogTrim)
                  0000fae9    00000030     rts2800_fpu32_eabi.lib : copy_decompress_lzss.c.obj (.text:decompress:lzss)
                  0000fb19    0000002f     board.obj (.text:ADC_setInterruptSource)
                  0000fb48    0000002f     driverlib_eabi.lib : adc.obj (.text:ADC_setMode)
                  0000fb77    0000002e     board.obj (.text:ADC_setInterruptSOCTrigger)
                  0000fba5    0000002b     rts2800_fpu32_eabi.lib : autoinit.c.obj (.text:__TI_auto_init_nobinit_nopinit)
                  0000fbd0    00000029                            : exit.c.obj (.text)
                  0000fbf9    00000028     driverlib_eabi.lib : sysctl.obj (.text:CPUTimer_selectClockSource)
                  0000fc21    00000022     board.obj (.text:EPWM_setCounterCompareValue)
                  0000fc43    00000021     board.obj (.text:ADC_disableContinuousMode)
                  0000fc64    00000021     device.obj (.text:Device_initGPIO)
                  0000fc85    00000020     board.obj (.text:ADC_enableInterrupt)
                  0000fca5    0000001f     driverlib_eabi.lib : sysctl.obj (.text:CPUTimer_getTimerOverflowStatus)
                  0000fcc4    0000001f     board.obj (.text:EPWM_setFallingEdgeDelayCountShadowLoadMode)
                  0000fce3    0000001f     board.obj (.text:EPWM_setRisingEdgeDelayCountShadowLoadMode)
                  0000fd02    0000001e     lab_main.obj (.text:ADC_readResult)
                  0000fd20    0000001e     board.obj (.text:EPWM_setPhaseShift)
                  0000fd3e    0000001e     driverlib_eabi.lib : interrupt.obj (.text:Interrupt_initVectorTable)
                  0000fd5c    0000001e     board.obj (.text:SYNC_init)
                  0000fd7a    0000001e     board.obj (.text:SysCtl_setSyncInputConfig)
                  0000fd98    0000001d     lab_main.obj (.text:ADC_getInterruptOverflowStatus)
                  0000fdb5    0000001d     device.obj (.text:Device_enableUnbondedGPIOPullupsFor100Pin)
                  0000fdd2    0000001d     rts2800_fpu32_eabi.lib : memcpy.c.obj (.text)
                  0000fdef    0000001c     board.obj (.text:ADC_setSOCPriority)
                  0000fe0b    0000001c     lab_main.obj (.text:EPWM_disableADCTrigger)
                  0000fe27    0000001c     lab_main.obj (.text:EPWM_enableADCTrigger)
                  0000fe43    0000001c     board.obj (.text:EPWM_setClockPrescaler)
                  0000fe5f    0000001b     board.obj (.text:ADC_isBaseValid)
                  0000fe7a    0000001b     driverlib_eabi.lib : adc.obj (.text:ADC_isBaseValid)
                  0000fe95    0000001b     lab_main.obj (.text:ADC_isBaseValid)
                  0000feb0    0000001a     driverlib_eabi.lib : sysctl.obj (.text:CPUTimer_startTimer)
                  0000feca    0000001a                        : sysctl.obj (.text:SysCtl_getLowSpeedClock)
                  0000fee4    00000019     lab_main.obj (.text:main)
                  0000fefd    00000018     board.obj (.text:EPWM_disableFallingEdgeDelayCountShadowLoadMode)
                  0000ff15    00000018     board.obj (.text:EPWM_disableRisingEdgeDelayCountShadowLoadMode)
                  0000ff2d    00000018     device.obj (.text:SysCtl_disablePeripheral)
                  0000ff45    00000017     driverlib_eabi.lib : sysctl.obj (.text:CPUTimer_isBaseValid)
                  0000ff5c    00000017     device.obj (.text:SysCtl_enablePeripheral)
                  0000ff73    00000017     rts2800_fpu32_eabi.lib : boot28.asm.obj (.text)
                  0000ff8a    00000016     board.obj (.text:ADC_setInterruptPulseMode)
                  0000ffa0    00000016     board.obj (.text:ADC_setPrescaler)
                  0000ffb6    00000016     device.obj (.text:Device_enableUnbondedGPIOPullups)
                  0000ffcc    00000016     driverlib_eabi.lib : interrupt.obj (.text:Interrupt_defaultHandler)
                  0000ffe2    00000015     board.obj (.text:ADC_disableBurstMode)
                  0000fff7    00000009     driverlib_eabi.lib : sysctl.obj (.text:SysCtl_serviceWatchdog)

.text.2    1    00010000    00000218     
                  00010000    00000015     device.obj (.text:GPIO_unlockPortConfig)
                  00010015    00000014     lab_main.obj (.text:ADC_clearInterruptOverflowStatus)
                  00010029    00000014     board.obj (.text:ADC_clearInterruptStatus)
                  0001003d    00000014     lab_main.obj (.text:ADC_clearInterruptStatus)
                  00010051    00000014     driverlib_eabi.lib : sysctl.obj (.text:CPUTimer_stopTimer)
                  00010065    00000014     board.obj (.text:EPWM_setTimeBaseCounterMode)
                  00010079    00000014     board.obj (.text:EPWM_setTimeBasePeriod)
                  0001008d    00000014     device.obj (.text:SysCtl_deviceCal)
                  000100a1    00000013     board.obj (.text:ADC_enableConverter)
                  000100b4    00000013     device.obj (.text:Device_enableUnbondedGPIOPullupsFor176Pin)
                  000100c7    00000012     driverlib_eabi.lib : sysctl.obj (.text:CPUTimer_clearOverflowFlag)
                  000100d9    00000012                        : sysctl.obj (.text:CPUTimer_disableInterrupt)
                  000100eb    00000012     board.obj (.text:EPWM_setTimeBaseCounter)
                  000100fd    00000012     board.obj (.text:SysCtl_setSyncOutputConfig)
                  0001010f    00000012     lab_main.obj (.text:initEPWM)
                  00010121    00000011     driverlib_eabi.lib : sysctl.obj (.text:CPUTimer_setPeriod)
                  00010132    00000011     board.obj (.text:EPWM_disablePhaseShiftLoad)
                  00010143    00000011     board.obj (.text:PinMux_init)
                  00010154    0000000f     driverlib_eabi.lib : sysctl.obj (.text:SysCtl_pollCpuTimer)
                  00010163    0000000e                        : gpio.obj (.text:GPIO_isPinValid)
                  00010171    0000000d                        : interrupt.obj (.text:Interrupt_disableGlobal)
                  0001017e    0000000d     device.obj (.text:SysCtl_setLowSpeedClock)
                  0001018b    0000000d     rts2800_fpu32_eabi.lib : copy_zero_init.c.obj (.text:decompress:ZI:__TI_zero_init_nomemset)
                  00010198    0000000c     board.obj (.text:SysCtl_enableExtADCSOCSource)
                  000101a4    0000000c     rts2800_fpu32_eabi.lib : args_main.c.obj (.text)
                  000101b0    0000000b     board.obj (.text:Board_init)
                  000101bb    0000000b     device.obj (.text:SysCtl_disableWatchdog)
                  000101c6    0000000b     driverlib_eabi.lib : sysctl.obj (.text:SysCtl_isMCDClockFailureDetected)
                  000101d1    0000000a                        : interrupt.obj (.text:Interrupt_illegalOperationHandler)
                  000101db    0000000a                        : interrupt.obj (.text:Interrupt_nmiHandler)
                  000101e5    00000009     rts2800_fpu32_eabi.lib : _lock.c.obj (.text)
                  000101ee    00000008     F2837xD_CodeStartBranch.obj (.text)
                  000101f6    00000008     rts2800_fpu32_eabi.lib : copy_decompress_none.c.obj (.text:decompress:none)
                  000101fe    00000007     driverlib_eabi.lib : sysctl.obj (.text:SysCtl_resetMCD)
                  00010205    00000007     device.obj (.text:__error__)
                  0001020c    00000006     lab_main.obj (.text:Interrupt_clearACKGroup)
                  00010212    00000003     board.obj (.text:ADC_init)
                  00010215    00000002     rts2800_fpu32_eabi.lib : pre_init.c.obj (.text)
                  00010217    00000001                            : startup.c.obj (.text)

MODULE SUMMARY

       Module                        code   ro data   rw data
       ------                        ----   -------   -------
    .\
       lab_main.obj                  586    136       3      
    +--+-----------------------------+------+---------+---------+
       Total:                        586    136       3      
                                                             
    .\device\
       device.obj                    570    19        6      
       F2837xD_CodeStartBranch.obj   10     0         0      
    +--+-----------------------------+------+---------+---------+
       Total:                        580    19        6      
                                                             
    .\syscfg\
       board.obj                     1287   136       0      
    +--+-----------------------------+------+---------+---------+
       Total:                        1287   136       0      
                                                             
    C:\ti\c2000\C2000Ware_5_04_00_00\driverlib\f2837xd\driverlib\ccs\Debug\driverlib_eabi.lib
       sysctl.obj                    1187   194       0      
       gpio.obj                      206    188       0      
       adc.obj                       281    93        0      
       interrupt.obj                 146    0         0      
    +--+-----------------------------+------+---------+---------+
       Total:                        1820   475       0      
                                                             
    C:\ti\ccs2001\ccs\tools\compiler\ti-cgt-c2000_22.6.1.LTS\lib\rts2800_fpu32_eabi.lib
       fs_div28.asm.obj              136    0         0      
       copy_decompress_lzss.c.obj    48     0         0      
       exit.c.obj                    41     0         6      
       autoinit.c.obj                43     0         0      
       memcpy.c.obj                  29     0         0      
       boot28.asm.obj                23     0         0      
       _lock.c.obj                   9      0         4      
       copy_zero_init.c.obj          13     0         0      
       args_main.c.obj               12     0         0      
       copy_decompress_none.c.obj    8      0         0      
       pre_init.c.obj                2      0         0      
       startup.c.obj                 1      0         0      
    +--+-----------------------------+------+---------+---------+
       Total:                        365    0         10     
                                                             
       Stack:                        0      0         512    
       Linker Generated:             0      28        0      
    +--+-----------------------------+------+---------+---------+
       Grand Total:                  4638   794       531    


LINKER GENERATED COPY TABLES

__TI_cinit_table @ 0000013c records: 2, size/record: 4, table size: 8
	.data: load addr=00000128, load size=0000000a bytes, run addr=0000ab00, run size=00000010 bytes, compression=lzss
	.bss: load addr=00000138, load size=00000004 bytes, run addr=0000ab10, run size=00000003 bytes, compression=zero_init


LINKER GENERATED HANDLER TABLE

__TI_handler_table @ 00000132 records: 3, size/record: 2, table size: 6
	index: 0, handler: __TI_zero_init
	index: 1, handler: __TI_decompress_lzss
	index: 2, handler: __TI_decompress_none


GLOBAL DATA SYMBOLS: SORTED BY DATA PAGE

address     data page           name
--------    ----------------    ----
00000400      10 (00000400)     __stack

0000ab00     2ac (0000ab00)     Example_Result
0000ab02     2ac (0000ab00)     Example_PassCount
0000ab04     2ac (0000ab00)     Example_Fail
0000ab06     2ac (0000ab00)     __TI_enable_exit_profile_output
0000ab08     2ac (0000ab00)     __TI_cleanup_ptr
0000ab0a     2ac (0000ab00)     __TI_dtors_ptr
0000ab0c     2ac (0000ab00)     _lock
0000ab0e     2ac (0000ab00)     _unlock
0000ab10     2ac (0000ab00)     adcAResult0
0000ab11     2ac (0000ab00)     adcAResult1
0000ab12     2ac (0000ab00)     adcAResult2


GLOBAL SYMBOLS: SORTED ALPHABETICALLY BY Name 

page  address   name                                     
----  -------   ----                                     
1     00010212  ADC_init                                 
1     0000f637  ADC_setINLTrim                           
1     0000fb48  ADC_setMode                              
1     0000f70e  ADC_setOffsetTrim                        
1     000101b0  Board_init                               
1     0000fbd0  C$$EXIT                                  
1     0000fab8  Device_configureTMXAnalogTrim            
1     0000f209  Device_enableAllPeripherals              
1     0000ffb6  Device_enableUnbondedGPIOPullups         
1     0000fdb5  Device_enableUnbondedGPIOPullupsFor100Pin
1     000100b4  Device_enableUnbondedGPIOPullupsFor176Pin
1     0000f89f  Device_init                              
1     0000fc64  Device_initGPIO                          
1     0000f2f4  EPWM_init                                
1     0000ab04  Example_Fail                             
1     0000ab02  Example_PassCount                        
1     0000ab00  Example_Result                           
1     0000f76e  GPIO_setPadConfig                        
1     0000fa4a  GPIO_setPinConfig                        
1     0000fa81  GPIO_setQualificationMode                
1     0000ffcc  Interrupt_defaultHandler                 
1     000101d1  Interrupt_illegalOperationHandler        
1     0000f95d  Interrupt_initModule                     
1     0000fd3e  Interrupt_initVectorTable                
1     000101db  Interrupt_nmiHandler                     
1     00010143  PinMux_init                              
1     0000fd5c  SYNC_init                                
0     00000123  SysCtl_delay                             
1     0000f7c0  SysCtl_getClock                          
1     0000f6a6  SysCtl_getDeviceParametric               
1     0000feca  SysCtl_getLowSpeedClock                  
1     0000f811  SysCtl_selectOscSource                   
1     0000f431  SysCtl_selectXTAL                        
1     0000f000  SysCtl_setClock                          
0     0000013c  __TI_CINIT_Base                          
0     00000144  __TI_CINIT_Limit                         
0     00000144  __TI_CINIT_Warm                          
0     00000132  __TI_Handler_Table_Base                  
0     00000138  __TI_Handler_Table_Limit                 
1     00000600  __TI_STACK_END                           
abs   00000200  __TI_STACK_SIZE                          
1     0000fba5  __TI_auto_init_nobinit_nopinit           
1     0000ab08  __TI_cleanup_ptr                         
1     0000fae9  __TI_decompress_lzss                     
1     000101f6  __TI_decompress_none                     
1     0000ab0a  __TI_dtors_ptr                           
1     0000ab06  __TI_enable_exit_profile_output          
abs   ffffffff  __TI_pprof_out_hndl                      
abs   ffffffff  __TI_prof_data_size                      
abs   ffffffff  __TI_prof_data_start                     
1     0001018b  __TI_zero_init_nomemset                  
1     0000f4c1  __c28xabi_divf                           
n/a   UNDEFED   __c_args__                               
1     00010205  __error__                                
1     00000400  __stack                                  
1     000101a4  _args_main                               
1     0000ff73  _c_int00                                 
1     0000ab0c  _lock                                    
1     000101ed  _nop                                     
1     000101e9  _register_lock                           
1     000101e5  _register_unlock                         
1     00010217  _system_post_cinit                       
1     00010215  _system_pre_init                         
1     0000ab0e  _unlock                                  
1     0000fbd0  abort                                    
1     0000f549  adcA1ISR                                 
1     0000ab10  adcAResult0                              
1     0000ab11  adcAResult1                              
1     0000ab12  adcAResult2                              
0     00000000  code_start                               
1     0000fbd2  exit                                     
1     0001010f  initEPWM                                 
1     0000fee4  main                                     
1     0000fdd2  memcpy                                   
1     0000f39d  myADC0_init                              


GLOBAL SYMBOLS: SORTED BY Symbol Address 

page  address   name                                     
----  -------   ----                                     
0     00000000  code_start                               
0     00000123  SysCtl_delay                             
0     00000132  __TI_Handler_Table_Base                  
0     00000138  __TI_Handler_Table_Limit                 
0     0000013c  __TI_CINIT_Base                          
0     00000144  __TI_CINIT_Limit                         
0     00000144  __TI_CINIT_Warm                          
1     00000400  __stack                                  
1     00000600  __TI_STACK_END                           
1     0000ab00  Example_Result                           
1     0000ab02  Example_PassCount                        
1     0000ab04  Example_Fail                             
1     0000ab06  __TI_enable_exit_profile_output          
1     0000ab08  __TI_cleanup_ptr                         
1     0000ab0a  __TI_dtors_ptr                           
1     0000ab0c  _lock                                    
1     0000ab0e  _unlock                                  
1     0000ab10  adcAResult0                              
1     0000ab11  adcAResult1                              
1     0000ab12  adcAResult2                              
1     0000f000  SysCtl_setClock                          
1     0000f209  Device_enableAllPeripherals              
1     0000f2f4  EPWM_init                                
1     0000f39d  myADC0_init                              
1     0000f431  SysCtl_selectXTAL                        
1     0000f4c1  __c28xabi_divf                           
1     0000f549  adcA1ISR                                 
1     0000f637  ADC_setINLTrim                           
1     0000f6a6  SysCtl_getDeviceParametric               
1     0000f70e  ADC_setOffsetTrim                        
1     0000f76e  GPIO_setPadConfig                        
1     0000f7c0  SysCtl_getClock                          
1     0000f811  SysCtl_selectOscSource                   
1     0000f89f  Device_init                              
1     0000f95d  Interrupt_initModule                     
1     0000fa4a  GPIO_setPinConfig                        
1     0000fa81  GPIO_setQualificationMode                
1     0000fab8  Device_configureTMXAnalogTrim            
1     0000fae9  __TI_decompress_lzss                     
1     0000fb48  ADC_setMode                              
1     0000fba5  __TI_auto_init_nobinit_nopinit           
1     0000fbd0  C$$EXIT                                  
1     0000fbd0  abort                                    
1     0000fbd2  exit                                     
1     0000fc64  Device_initGPIO                          
1     0000fd3e  Interrupt_initVectorTable                
1     0000fd5c  SYNC_init                                
1     0000fdb5  Device_enableUnbondedGPIOPullupsFor100Pin
1     0000fdd2  memcpy                                   
1     0000feca  SysCtl_getLowSpeedClock                  
1     0000fee4  main                                     
1     0000ff73  _c_int00                                 
1     0000ffb6  Device_enableUnbondedGPIOPullups         
1     0000ffcc  Interrupt_defaultHandler                 
1     000100b4  Device_enableUnbondedGPIOPullupsFor176Pin
1     0001010f  initEPWM                                 
1     00010143  PinMux_init                              
1     0001018b  __TI_zero_init_nomemset                  
1     000101a4  _args_main                               
1     000101b0  Board_init                               
1     000101d1  Interrupt_illegalOperationHandler        
1     000101db  Interrupt_nmiHandler                     
1     000101e5  _register_unlock                         
1     000101e9  _register_lock                           
1     000101ed  _nop                                     
1     000101f6  __TI_decompress_none                     
1     00010205  __error__                                
1     00010212  ADC_init                                 
1     00010215  _system_pre_init                         
1     00010217  _system_post_cinit                       
abs   00000200  __TI_STACK_SIZE                          
abs   ffffffff  __TI_pprof_out_hndl                      
abs   ffffffff  __TI_prof_data_size                      
abs   ffffffff  __TI_prof_data_start                     
n/a   UNDEFED   __c_args__                               

[75 symbols]
