******************************************************************************
             TMS320C2000 Linker PC v22.6.1                     
******************************************************************************
>> Linked Thu Feb  6 10:25:18 2025

OUTPUT FILE NAME:   <adc_ex14_soc_oversampling.out>
ENTRY POINT SYMBOL: "code_start"  address: 00000000


MEMORY CONFIGURATION

         name            origin    length      used     unused   attr    fill
----------------------  --------  ---------  --------  --------  ----  --------
PAGE 0:
  BEGIN                 00000000   00000002  00000002  00000000  RWIX
  RAMM0                 00000123   000002dd  00000020  000002bd  RWIX
  RAMLS0                00008000   00000800  000007fc  00000004  RWIX
  RAMLS1                00008800   00000800  0000010e  000006f2  RWIX
  RAMLS2                00009000   00000800  00000000  00000800  RWIX
  RAMLS3                00009800   00000800  00000000  00000800  RWIX
  RAMLS4                0000a000   00000800  00000000  00000800  RWIX
  RAMD0                 0000b000   00000800  000007fd  00000003  RWIX
  FLASHA                00080002   00001ffe  00000000  00001ffe  RWIX
  FLASHB                00082000   00002000  00000000  00002000  RWIX
  FLASHC                00084000   00002000  00000000  00002000  RWIX
  FLASHD                00086000   00002000  00000000  00002000  RWIX
  FLASHE                00088000   00008000  00000000  00008000  RWIX
  FLASHF                00090000   00008000  00000000  00008000  RWIX
  FLASHG                00098000   00008000  00000000  00008000  RWIX
  FLASHH                000a0000   00008000  00000000  00008000  RWIX
  FLASHI                000a8000   00008000  00000000  00008000  RWIX
  FLASHJ                000b0000   00008000  00000000  00008000  RWIX
  FLASHK                000b8000   00002000  00000000  00002000  RWIX
  FLASHL                000ba000   00002000  00000000  00002000  RWIX
  FLASHM                000bc000   00002000  00000000  00002000  RWIX
  FLASHN                000be000   00001ff0  00000000  00001ff0  RWIX
  RESET                 003fffc0   00000002  00000000  00000002  RWIX

PAGE 1:
  BOOT_RSVD             00000002   00000121  00000000  00000121  RWIX
  RAMM1                 00000400   000003f8  000003f8  00000000  RWIX
  RAMLS5                0000a800   00000800  0000028a  00000576  RWIX
  RAMD1                 0000b800   00000800  00000000  00000800  RWIX
  RAMGS0                0000c000   00001000  00000000  00001000  RWIX
  RAMGS1                0000d000   00001000  00000000  00001000  RWIX
  RAMGS2                0000e000   00001000  00000000  00001000  RWIX
  RAMGS3                0000f000   00001000  00000000  00001000  RWIX
  RAMGS4                00010000   00001000  00000000  00001000  RWIX
  RAMGS5                00011000   00001000  00000000  00001000  RWIX
  RAMGS6                00012000   00001000  00000000  00001000  RWIX
  RAMGS7                00013000   00001000  00000000  00001000  RWIX
  RAMGS8                00014000   00001000  00000000  00001000  RWIX
  RAMGS9                00015000   00001000  00000000  00001000  RWIX
  RAMGS10               00016000   00001000  00000000  00001000  RWIX
  RAMGS11               00017000   00001000  00000000  00001000  RWIX
  RAMGS12               00018000   00001000  00000000  00001000  RWIX
  RAMGS13               00019000   00001000  00000000  00001000  RWIX
  RAMGS14               0001a000   00001000  00000000  00001000  RWIX
  RAMGS15               0001b000   00000ff8  00000000  00000ff8  RWIX
  CPU2TOCPU1RAM         0003f800   00000400  00000000  00000400  RWIX
  CPU1TOCPU2RAM         0003fc00   00000400  00000000  00000400  RWIX
  CANA_MSG_RAM          00049000   00000800  00000000  00000800  RWIX
  CANB_MSG_RAM          0004b000   00000800  00000000  00000800  RWIX


SECTION ALLOCATION MAP

 output                                  attributes/
section   page    origin      length       input sections
--------  ----  ----------  ----------   ----------------
codestart 
*          0    00000000    00000002     
                  00000000    00000002     F2837xD_CodeStartBranch.obj (codestart)

.cinit     0    00000128    0000001c     
                  00000128    00000009     (.cinit..data.load) [load image, compression = lzss]
                  00000131    00000001     --HOLE-- [fill = 0]
                  00000132    00000006     (__TI_handler_table)
                  00000138    00000004     (.cinit..bss.load) [load image, compression = zero_init]
                  0000013c    00000008     (__TI_cinit_table)

.reset     0    003fffc0    00000000     DSECT

.stack     1    00000400    000003f8     UNINITIALIZED
                  00000400    000003f8     --HOLE--

.bss       1    0000aa88    00000003     UNINITIALIZED
                  0000aa88    00000003     adc_ex14_soc_oversampling.obj (.bss)

.init_array 
*          0    00000123    00000000     UNINITIALIZED

.const     1    0000a800    00000277     
                  0000a800    000000c2     driverlib_eabi.lib : sysctl.obj (.const:.string)
                  0000a8c2    000000bc                        : gpio.obj (.const:.string)
                  0000a97e    00000088     adc_ex14_soc_oversampling.obj (.const:.string)
                  0000aa06    0000005d     driverlib_eabi.lib : adc.obj (.const:.string)
                  0000aa63    00000001     --HOLE-- [fill = 0]
                  0000aa64    00000013     device.obj (.const:.string)

.data      1    0000aa78    00000010     UNINITIALIZED
                  0000aa78    00000006     device.obj (.data)
                  0000aa7e    00000002     rts2800_fpu32_eabi.lib : _lock.c.obj (.data:_lock)
                  0000aa80    00000006                            : exit.c.obj (.data)
                  0000aa86    00000002                            : _lock.c.obj (.data:_unlock)

.TI.ramfunc 
*          0    00000123    00000004     
                  00000123    00000004     driverlib_eabi.lib : sysctl.obj (.TI.ramfunc)

GETBUFFER 
*          0    0003f800    00000000     DSECT

GETWRITEIDX 
*          0    0003f800    00000000     DSECT

PUTREADIDX 
*          0    0003f800    00000000     DSECT

.text.1    0    00008000    000007fc     
                  00008000    00000209     driverlib_eabi.lib : sysctl.obj (.text:SysCtl_setClock)
                  00008209    00000090                        : sysctl.obj (.text:SysCtl_selectXTAL)
                  00008299    00000088     rts2800_fpu32_eabi.lib : fs_div28.asm.obj (.text)
                  00008321    00000077     adc_ex14_soc_oversampling.obj (.text:retain)
                  00008398    0000006f     driverlib_eabi.lib : adc.obj (.text:ADC_setINLTrim)
                  00008407    00000068                        : sysctl.obj (.text:SysCtl_getDeviceParametric)
                  0000846f    00000060                        : adc.obj (.text:ADC_setOffsetTrim)
                  000084cf    00000048                        : sysctl.obj (.text:SysCtl_selectOscSource)
                  00008517    0000003d                        : interrupt.obj (.text:Interrupt_initModule)
                  00008554    00000037                        : gpio.obj (.text:GPIO_setControllerCore)
                  0000858b    00000037                        : gpio.obj (.text:GPIO_setPinConfig)
                  000085c2    00000037                        : gpio.obj (.text:GPIO_setQualificationMode)
                  000085f9    00000037                        : interrupt.obj (.text:Interrupt_enable)
                  00008630    00000031                        : gpio.obj (.text:GPIO_setDirectionMode)
                  00008661    00000030     rts2800_fpu32_eabi.lib : copy_decompress_lzss.c.obj (.text:decompress:lzss)
                  00008691    0000002f     driverlib_eabi.lib : adc.obj (.text:ADC_setMode)
                  000086c0    0000002b     rts2800_fpu32_eabi.lib : autoinit.c.obj (.text:__TI_auto_init_nobinit_nopinit)
                  000086eb    00000029                            : exit.c.obj (.text)
                  00008714    00000028     driverlib_eabi.lib : sysctl.obj (.text:CPUTimer_selectClockSource)
                  0000873c    0000001f                        : sysctl.obj (.text:CPUTimer_getTimerOverflowStatus)
                  0000875b    0000001e                        : interrupt.obj (.text:Interrupt_initVectorTable)
                  00008779    0000001d     rts2800_fpu32_eabi.lib : memcpy.c.obj (.text)
                  00008796    0000001b     driverlib_eabi.lib : adc.obj (.text:ADC_isBaseValid)
                  000087b1    0000001a                        : sysctl.obj (.text:CPUTimer_startTimer)
                  000087cb    0000001a                        : sysctl.obj (.text:SysCtl_getLowSpeedClock)
                  000087e5    00000017                        : sysctl.obj (.text:CPUTimer_isBaseValid)

.text.2    0    00008800    0000010e     
                  00008800    00000017     rts2800_fpu32_eabi.lib : boot28.asm.obj (.text)
                  00008817    00000016     driverlib_eabi.lib : interrupt.obj (.text:Interrupt_defaultHandler)
                  0000882d    00000014                        : sysctl.obj (.text:CPUTimer_stopTimer)
                  00008841    00000012                        : sysctl.obj (.text:CPUTimer_clearOverflowFlag)
                  00008853    00000012                        : sysctl.obj (.text:CPUTimer_disableInterrupt)
                  00008865    00000011                        : sysctl.obj (.text:CPUTimer_setPeriod)
                  00008876    0000000f                        : sysctl.obj (.text:SysCtl_pollCpuTimer)
                  00008885    0000000e                        : gpio.obj (.text:GPIO_isPinValid)
                  00008893    0000000d                        : interrupt.obj (.text:Interrupt_disableGlobal)
                  000088a0    0000000d                        : interrupt.obj (.text:Interrupt_enableGlobal)
                  000088ad    0000000d     rts2800_fpu32_eabi.lib : copy_zero_init.c.obj (.text:decompress:ZI:__TI_zero_init_nomemset)
                  000088ba    0000000c                            : args_main.c.obj (.text)
                  000088c6    0000000b     driverlib_eabi.lib : sysctl.obj (.text:SysCtl_isMCDClockFailureDetected)
                  000088d1    0000000a                        : interrupt.obj (.text:Interrupt_illegalOperationHandler)
                  000088db    0000000a                        : interrupt.obj (.text:Interrupt_nmiHandler)
                  000088e5    00000009                        : sysctl.obj (.text:SysCtl_serviceWatchdog)
                  000088ee    00000009     rts2800_fpu32_eabi.lib : _lock.c.obj (.text)
                  000088f7    00000008     F2837xD_CodeStartBranch.obj (.text)
                  000088ff    00000008     rts2800_fpu32_eabi.lib : copy_decompress_none.c.obj (.text:decompress:none)
                  00008907    00000007     driverlib_eabi.lib : sysctl.obj (.text:SysCtl_resetMCD)

.text.3    0    0000b000    000007fd     
                  0000b000    000003fd     device.obj (.text)
                  0000b3fd    000003ac     adc_ex14_soc_oversampling.obj (.text)
                  0000b7a9    00000051     driverlib_eabi.lib : sysctl.obj (.text:SysCtl_getClock)
                  0000b7fa    00000002     rts2800_fpu32_eabi.lib : pre_init.c.obj (.text)
                  0000b7fc    00000001                            : startup.c.obj (.text)

MODULE SUMMARY

       Module                          code   ro data   rw data
       ------                          ----   -------   -------
    .\
       adc_ex14_soc_oversampling.obj   1059   136       3      
    +--+-------------------------------+------+---------+---------+
       Total:                          1059   136       3      
                                                               
    .\device\
       device.obj                      1021   19        6      
       F2837xD_CodeStartBranch.obj     10     0         0      
    +--+-------------------------------+------+---------+---------+
       Total:                          1031   19        6      
                                                               
    C:\ti\c2000\C2000Ware_5_04_00_00\driverlib\f2837xd\driverlib\ccs\Debug\driverlib_eabi.lib
       sysctl.obj                      1187   194       0      
       gpio.obj                        228    188       0      
       adc.obj                         281    93        0      
       interrupt.obj                   214    0         0      
    +--+-------------------------------+------+---------+---------+
       Total:                          1910   475       0      
                                                               
    C:\ti\ccs2001\ccs\tools\compiler\ti-cgt-c2000_22.6.1.LTS\lib\rts2800_fpu32_eabi.lib
       fs_div28.asm.obj                136    0         0      
       copy_decompress_lzss.c.obj      48     0         0      
       exit.c.obj                      41     0         6      
       autoinit.c.obj                  43     0         0      
       memcpy.c.obj                    29     0         0      
       boot28.asm.obj                  23     0         0      
       _lock.c.obj                     9      0         4      
       copy_zero_init.c.obj            13     0         0      
       args_main.c.obj                 12     0         0      
       copy_decompress_none.c.obj      8      0         0      
       pre_init.c.obj                  2      0         0      
       startup.c.obj                   1      0         0      
    +--+-------------------------------+------+---------+---------+
       Total:                          365    0         10     
                                                               
       Stack:                          0      0         1016   
       Linker Generated:               0      27        0      
    +--+-------------------------------+------+---------+---------+
       Grand Total:                    4365   657       1035   


LINKER GENERATED COPY TABLES

__TI_cinit_table @ 0000013c records: 2, size/record: 4, table size: 8
	.data: load addr=00000128, load size=00000009 bytes, run addr=0000aa78, run size=00000010 bytes, compression=lzss
	.bss: load addr=00000138, load size=00000004 bytes, run addr=0000aa88, run size=00000003 bytes, compression=zero_init


LINKER GENERATED HANDLER TABLE

__TI_handler_table @ 00000132 records: 3, size/record: 2, table size: 6
	index: 0, handler: __TI_zero_init
	index: 1, handler: __TI_decompress_lzss
	index: 2, handler: __TI_decompress_none


GLOBAL DATA SYMBOLS: SORTED BY DATA PAGE

address     data page           name
--------    ----------------    ----
00000400      10 (00000400)     __stack

0000aa78     2a9 (0000aa40)     Example_Result
0000aa7a     2a9 (0000aa40)     Example_PassCount
0000aa7c     2a9 (0000aa40)     Example_Fail
0000aa7e     2a9 (0000aa40)     _lock

0000aa80     2aa (0000aa80)     __TI_enable_exit_profile_output
0000aa82     2aa (0000aa80)     __TI_cleanup_ptr
0000aa84     2aa (0000aa80)     __TI_dtors_ptr
0000aa86     2aa (0000aa80)     _unlock
0000aa88     2aa (0000aa80)     adcAResult0
0000aa89     2aa (0000aa80)     adcAResult1
0000aa8a     2aa (0000aa80)     adcAResult2


GLOBAL SYMBOLS: SORTED ALPHABETICALLY BY Name 

page  address   name                                     
----  -------   ----                                     
0     00008398  ADC_setINLTrim                           
0     00008691  ADC_setMode                              
0     0000846f  ADC_setOffsetTrim                        
0     000086eb  C$$EXIT                                  
0     0000b271  Device_bootCPU2                          
0     0000b240  Device_configureTMXAnalogTrim            
0     0000b0ee  Device_enableAllPeripherals              
0     0000b22a  Device_enableUnbondedGPIOPullups         
0     0000b20d  Device_enableUnbondedGPIOPullupsFor100Pin
0     0000b1fa  Device_enableUnbondedGPIOPullupsFor176Pin
0     0000b0ae  Device_init                              
0     0000b1d9  Device_initGPIO                          
1     0000aa7c  Example_Fail                             
1     0000aa7a  Example_PassCount                        
1     0000aa78  Example_Result                           
0     0000b3fc  Example_done                             
0     0000b3f7  Example_setResultFail                    
0     0000b3f2  Example_setResultPass                    
0     00008554  GPIO_setControllerCore                   
0     00008630  GPIO_setDirectionMode                    
0     0000858b  GPIO_setPinConfig                        
0     000085c2  GPIO_setQualificationMode                
0     00008817  Interrupt_defaultHandler                 
0     000085f9  Interrupt_enable                         
0     000088d1  Interrupt_illegalOperationHandler        
0     00008517  Interrupt_initModule                     
0     0000875b  Interrupt_initVectorTable                
0     000088db  Interrupt_nmiHandler                     
0     00000123  SysCtl_delay                             
0     0000b7a9  SysCtl_getClock                          
0     00008407  SysCtl_getDeviceParametric               
0     000087cb  SysCtl_getLowSpeedClock                  
0     000084cf  SysCtl_selectOscSource                   
0     00008209  SysCtl_selectXTAL                        
0     00008000  SysCtl_setClock                          
0     0000013c  __TI_CINIT_Base                          
0     00000144  __TI_CINIT_Limit                         
0     00000144  __TI_CINIT_Warm                          
0     00000132  __TI_Handler_Table_Base                  
0     00000138  __TI_Handler_Table_Limit                 
1     000007f8  __TI_STACK_END                           
abs   000003f8  __TI_STACK_SIZE                          
0     000086c0  __TI_auto_init_nobinit_nopinit           
1     0000aa82  __TI_cleanup_ptr                         
0     00008661  __TI_decompress_lzss                     
0     000088ff  __TI_decompress_none                     
1     0000aa84  __TI_dtors_ptr                           
1     0000aa80  __TI_enable_exit_profile_output          
abs   ffffffff  __TI_pprof_out_hndl                      
abs   ffffffff  __TI_prof_data_size                      
abs   ffffffff  __TI_prof_data_start                     
0     000088ad  __TI_zero_init_nomemset                  
0     00008299  __c28xabi_divf                           
n/a   UNDEFED   __c_args__                               
0     0000b3eb  __error__                                
1     00000400  __stack                                  
0     000088ba  _args_main                               
0     00008800  _c_int00                                 
1     0000aa7e  _lock                                    
0     000088f6  _nop                                     
0     000088f2  _register_lock                           
0     000088ee  _register_unlock                         
0     0000b7fc  _system_post_cinit                       
0     0000b7fa  _system_pre_init                         
1     0000aa86  _unlock                                  
0     000086eb  abort                                    
0     00008321  adcA1ISR                                 
1     0000aa88  adcAResult0                              
1     0000aa89  adcAResult1                              
1     0000aa8a  adcAResult2                              
0     00000000  code_start                               
0     0000b716  configureADC                             
0     000086ed  exit                                     
0     0000b758  initADCSOC                               
0     0000b72e  initEPWM                                 
0     0000b6ec  main                                     
0     00008779  memcpy                                   


GLOBAL SYMBOLS: SORTED BY Symbol Address 

page  address   name                                     
----  -------   ----                                     
0     00000000  code_start                               
0     00000123  SysCtl_delay                             
0     00000132  __TI_Handler_Table_Base                  
0     00000138  __TI_Handler_Table_Limit                 
0     0000013c  __TI_CINIT_Base                          
0     00000144  __TI_CINIT_Limit                         
0     00000144  __TI_CINIT_Warm                          
0     00008000  SysCtl_setClock                          
0     00008209  SysCtl_selectXTAL                        
0     00008299  __c28xabi_divf                           
0     00008321  adcA1ISR                                 
0     00008398  ADC_setINLTrim                           
0     00008407  SysCtl_getDeviceParametric               
0     0000846f  ADC_setOffsetTrim                        
0     000084cf  SysCtl_selectOscSource                   
0     00008517  Interrupt_initModule                     
0     00008554  GPIO_setControllerCore                   
0     0000858b  GPIO_setPinConfig                        
0     000085c2  GPIO_setQualificationMode                
0     000085f9  Interrupt_enable                         
0     00008630  GPIO_setDirectionMode                    
0     00008661  __TI_decompress_lzss                     
0     00008691  ADC_setMode                              
0     000086c0  __TI_auto_init_nobinit_nopinit           
0     000086eb  C$$EXIT                                  
0     000086eb  abort                                    
0     000086ed  exit                                     
0     0000875b  Interrupt_initVectorTable                
0     00008779  memcpy                                   
0     000087cb  SysCtl_getLowSpeedClock                  
0     00008800  _c_int00                                 
0     00008817  Interrupt_defaultHandler                 
0     000088ad  __TI_zero_init_nomemset                  
0     000088ba  _args_main                               
0     000088d1  Interrupt_illegalOperationHandler        
0     000088db  Interrupt_nmiHandler                     
0     000088ee  _register_unlock                         
0     000088f2  _register_lock                           
0     000088f6  _nop                                     
0     000088ff  __TI_decompress_none                     
0     0000b0ae  Device_init                              
0     0000b0ee  Device_enableAllPeripherals              
0     0000b1d9  Device_initGPIO                          
0     0000b1fa  Device_enableUnbondedGPIOPullupsFor176Pin
0     0000b20d  Device_enableUnbondedGPIOPullupsFor100Pin
0     0000b22a  Device_enableUnbondedGPIOPullups         
0     0000b240  Device_configureTMXAnalogTrim            
0     0000b271  Device_bootCPU2                          
0     0000b3eb  __error__                                
0     0000b3f2  Example_setResultPass                    
0     0000b3f7  Example_setResultFail                    
0     0000b3fc  Example_done                             
0     0000b6ec  main                                     
0     0000b716  configureADC                             
0     0000b72e  initEPWM                                 
0     0000b758  initADCSOC                               
0     0000b7a9  SysCtl_getClock                          
0     0000b7fa  _system_pre_init                         
0     0000b7fc  _system_post_cinit                       
1     00000400  __stack                                  
1     000007f8  __TI_STACK_END                           
1     0000aa78  Example_Result                           
1     0000aa7a  Example_PassCount                        
1     0000aa7c  Example_Fail                             
1     0000aa7e  _lock                                    
1     0000aa80  __TI_enable_exit_profile_output          
1     0000aa82  __TI_cleanup_ptr                         
1     0000aa84  __TI_dtors_ptr                           
1     0000aa86  _unlock                                  
1     0000aa88  adcAResult0                              
1     0000aa89  adcAResult1                              
1     0000aa8a  adcAResult2                              
abs   000003f8  __TI_STACK_SIZE                          
abs   ffffffff  __TI_pprof_out_hndl                      
abs   ffffffff  __TI_prof_data_size                      
abs   ffffffff  __TI_prof_data_start                     
n/a   UNDEFED   __c_args__                               

[77 symbols]
